// Jest Snapshot v1, https://goo.gl/fbAQLP

exports[`matches snapshot 1`] = `
<div
  className="filterContainer"
>
  <nav>
    <div
      style={
        Object {
          "fontWeight": "bold",
        }
      }
    >
      Filters
    </div>
    <div>
      <div
        className="filterLabels"
      >
        Launch Year
      </div>
      <br />
      <div
        className="btn-container"
      >
        <button
          className="buttonstyle"
          onClick={[Function]}
        >
          2006
        </button>
        <button
          className="buttonstyle"
          onClick={[Function]}
        >
          2007
        </button>
        <button
          className="buttonstyle"
          onClick={[Function]}
        >
          2008
        </button>
        <button
          className="buttonstyle"
          onClick={[Function]}
        >
          2009
        </button>
        <button
          className="buttonstyle"
          onClick={[Function]}
        >
          2010
        </button>
        <button
          className="buttonstyle"
          onClick={[Function]}
        >
          2011
        </button>
        <button
          className="buttonstyle"
          onClick={[Function]}
        >
          2012
        </button>
        <button
          className="buttonstyle"
          onClick={[Function]}
        >
          2013
        </button>
        <button
          className="buttonstyle"
          onClick={[Function]}
        >
          2014
        </button>
        <button
          className="buttonstyle"
          onClick={[Function]}
        >
          2015
        </button>
        <button
          className="buttonstyle"
          onClick={[Function]}
        >
          2016
        </button>
        <button
          className="buttonstyle"
          onClick={[Function]}
        >
          2017
        </button>
        <button
          className="buttonstyle"
          onClick={[Function]}
        >
          2018
        </button>
        <button
          className="buttonstyle"
          onClick={[Function]}
        >
          2019
        </button>
        <button
          className="buttonstyle"
          onClick={[Function]}
        >
          2020
        </button>
      </div>
    </div>
  </nav>
  <main>
    <div>
      <header>
        <div
          className="filterLabels"
        >
          Successful Launch
        </div>
      </header>
      <div
        className="btn-container"
      >
        <button
          className="buttonstyle"
          onClick={[Function]}
        >
          true
        </button>
        <button
          className="buttonstyle"
          onClick={[Function]}
        >
          false
        </button>
      </div>
    </div>
    <div>
      <header>
        <div
          className="filterLabels"
        >
          Successful Land
        </div>
      </header>
      <div
        className="btn-container"
      >
        <button
          className="buttonstyle"
          onClick={[Function]}
        >
          true
        </button>
        <button
          className="buttonstyle"
          onClick={[Function]}
        >
          false
        </button>
      </div>
    </div>
  </main>
</div>
`;
